---
source: crates/turborepo-micro-frontend/src/config/validate.rs
expression: err_msg
---
Cannot define routing for default application "web"
