---
source: crates/turborepo-micro-frontend/src/config/validate.rs
expression: err_msg
---
Multiple applications marked as default: ["docs", "web"]
