---
source: crates/turborepo-micro-frontend/src/config/validate.rs
expression: err_msg
---
Application "docs" isn't the default application and is missing routing configuration
