---
source: crates/turborepo-micro-frontend/src/config/validate.rs
expression: err_msg
---
Invalid assetPrefix for application "docs". Must not start or end with a slash.
