---
source: crates/turborepo-micro-frontend/src/config/validate.rs
expression: err_msg
---
Unsupported version: -1. Supported versions are: 1
