---
source: crates/turborepo-micro-frontend/src/config/validate.rs
expression: err_msg
---
Could not find default zone in micro-frontends configuration
